exports[`Text should render correctly 1`] = `
<p>
  Why hey here\'s some body text
</p>
`;
